Archive member included because of file (symbol)

c:/winavr-20100110/bin/../lib/gcc/avr/4.3.3/avr5\libgcc.a(_mulsi3.o)
                              ./HAL/servo_motor/servo-1.o (__mulsi3)
c:/winavr-20100110/bin/../lib/gcc/avr/4.3.3/avr5\libgcc.a(_udivmodhi4.o)
                              ./HAL/DC_motor/dc_motor-1.o (__udivmodhi4)
c:/winavr-20100110/bin/../lib/gcc/avr/4.3.3/avr5\libgcc.a(_udivmodsi4.o)
                              ./HAL/servo_motor/servo-1.o (__udivmodsi4)
c:/winavr-20100110/bin/../lib/gcc/avr/4.3.3/avr5\libgcc.a(_exit.o)
                              c:/winavr-20100110/bin/../lib/gcc/avr/4.3.3/../../../../avr/lib/avr5/crtm32.o (exit)
c:/winavr-20100110/bin/../lib/gcc/avr/4.3.3/avr5\libgcc.a(_copy_data.o)
                              ./HAL/KEY_PAD_driver/Keypad.o (__do_copy_data)
c:/winavr-20100110/bin/../lib/gcc/avr/4.3.3/avr5\libgcc.a(_clear_bss.o)
                              ./MCAL/external_interrupt/program.o (__do_clear_bss)
c:/winavr-20100110/bin/../lib/gcc/avr/4.3.3/avr5\libgcc.a(_fixunssfsi.o)
                              ./MCAL/EEPROM_DRIVER/24C16N_program.o (__fixunssfsi)
c:/winavr-20100110/bin/../lib/gcc/avr/4.3.3/avr5\libgcc.a(_addsub_sf.o)
                              c:/winavr-20100110/bin/../lib/gcc/avr/4.3.3/avr5\libgcc.a(_fixunssfsi.o) (__subsf3)
c:/winavr-20100110/bin/../lib/gcc/avr/4.3.3/avr5\libgcc.a(_mul_sf.o)
                              ./MCAL/EEPROM_DRIVER/24C16N_program.o (__mulsf3)
c:/winavr-20100110/bin/../lib/gcc/avr/4.3.3/avr5\libgcc.a(_gt_sf.o)
                              ./MCAL/EEPROM_DRIVER/24C16N_program.o (__gtsf2)
c:/winavr-20100110/bin/../lib/gcc/avr/4.3.3/avr5\libgcc.a(_ge_sf.o)
                              c:/winavr-20100110/bin/../lib/gcc/avr/4.3.3/avr5\libgcc.a(_fixunssfsi.o) (__gesf2)
c:/winavr-20100110/bin/../lib/gcc/avr/4.3.3/avr5\libgcc.a(_lt_sf.o)
                              ./MCAL/EEPROM_DRIVER/24C16N_program.o (__ltsf2)
c:/winavr-20100110/bin/../lib/gcc/avr/4.3.3/avr5\libgcc.a(_sf_to_si.o)
                              c:/winavr-20100110/bin/../lib/gcc/avr/4.3.3/avr5\libgcc.a(_fixunssfsi.o) (__fixsfsi)
c:/winavr-20100110/bin/../lib/gcc/avr/4.3.3/avr5\libgcc.a(_thenan_sf.o)
                              c:/winavr-20100110/bin/../lib/gcc/avr/4.3.3/avr5\libgcc.a(_addsub_sf.o) (__thenan_sf)
c:/winavr-20100110/bin/../lib/gcc/avr/4.3.3/avr5\libgcc.a(_usi_to_sf.o)
                              ./HAL/TCS3200_ColorSensor/cs_program_.o (__floatunsisf)
c:/winavr-20100110/bin/../lib/gcc/avr/4.3.3/avr5\libgcc.a(_prologue.o)
                              c:/winavr-20100110/bin/../lib/gcc/avr/4.3.3/avr5\libgcc.a(_addsub_sf.o) (__prologue_saves__)
c:/winavr-20100110/bin/../lib/gcc/avr/4.3.3/avr5\libgcc.a(_epilogue.o)
                              c:/winavr-20100110/bin/../lib/gcc/avr/4.3.3/avr5\libgcc.a(_addsub_sf.o) (__epilogue_restores__)
c:/winavr-20100110/bin/../lib/gcc/avr/4.3.3/avr5\libgcc.a(_clzsi2.o)
                              c:/winavr-20100110/bin/../lib/gcc/avr/4.3.3/avr5\libgcc.a(_usi_to_sf.o) (__clzsi2)
c:/winavr-20100110/bin/../lib/gcc/avr/4.3.3/avr5\libgcc.a(_pack_sf.o)
                              c:/winavr-20100110/bin/../lib/gcc/avr/4.3.3/avr5\libgcc.a(_addsub_sf.o) (__pack_f)
c:/winavr-20100110/bin/../lib/gcc/avr/4.3.3/avr5\libgcc.a(_unpack_sf.o)
                              c:/winavr-20100110/bin/../lib/gcc/avr/4.3.3/avr5\libgcc.a(_addsub_sf.o) (__unpack_f)
c:/winavr-20100110/bin/../lib/gcc/avr/4.3.3/avr5\libgcc.a(_fpcmp_parts_sf.o)
                              c:/winavr-20100110/bin/../lib/gcc/avr/4.3.3/avr5\libgcc.a(_gt_sf.o) (__fpcmp_parts_f)
c:/winavr-20100110/bin/../lib/gcc/avr/4.3.3/avr5\libgcc.a(_clz.o)
                              c:/winavr-20100110/bin/../lib/gcc/avr/4.3.3/avr5\libgcc.a(_clzsi2.o) (__clz_tab)
c:/winavr-20100110/bin/../lib/gcc/avr/4.3.3/../../../../avr/lib/avr5\libc.a(itoa.o)
                              ./main_project.o (itoa)
c:/winavr-20100110/bin/../lib/gcc/avr/4.3.3/../../../../avr/lib/avr5\libc.a(strrev.o)
                              c:/winavr-20100110/bin/../lib/gcc/avr/4.3.3/../../../../avr/lib/avr5\libc.a(itoa.o) (strrev)

Allocating common symbols
Common symbol       size              file

col                 0x1               ./HAL/KEY_PAD_driver/Keypad.o
TOTAL_TIME          0x2               ./main_project.o
row                 0x1               ./HAL/KEY_PAD_driver/Keypad.o

Memory Configuration

Name             Origin             Length             Attributes
text             0x00000000         0x00020000         xr
data             0x00800060         0x0000ffa0         rw !x
eeprom           0x00810000         0x00010000         rw !x
fuse             0x00820000         0x00000400         rw !x
lock             0x00830000         0x00000400         rw !x
signature        0x00840000         0x00000400         rw !x
*default*        0x00000000         0xffffffff

Linker script and memory map

LOAD c:/winavr-20100110/bin/../lib/gcc/avr/4.3.3/../../../../avr/lib/avr5/crtm32.o
LOAD ./MCAL/external_interrupt/program.o
LOAD ./MCAL/TWI/TWI.o
LOAD ./MCAL/TIMER_DRIVER/TIMER0_program.o
LOAD ./MCAL/EEPROM_DRIVER/24C16N_program.o
LOAD ./MCAL/DIO_driver/DIO_program.o
LOAD ./MCAL/ADC/program.o
LOAD ./HAL/stepp_motor/stepp-1.o
LOAD ./HAL/servo_motor/servo-1.o
LOAD ./HAL/TCS3200_ColorSensor/cs_program_.o
LOAD ./HAL/LCD_DRIVER/lcd.o
LOAD ./HAL/KEY_PAD_driver/Keypad.o
LOAD ./HAL/DC_motor/dc_motor-1.o
LOAD ./main_project.o
LOAD c:/winavr-20100110/bin/../lib/gcc/avr/4.3.3/avr5\libgcc.a
LOAD c:/winavr-20100110/bin/../lib/gcc/avr/4.3.3/../../../../avr/lib/avr5\libc.a
LOAD c:/winavr-20100110/bin/../lib/gcc/avr/4.3.3/avr5\libgcc.a

.hash
 *(.hash)

.dynsym
 *(.dynsym)

.dynstr
 *(.dynstr)

.gnu.version
 *(.gnu.version)

.gnu.version_d
 *(.gnu.version_d)

.gnu.version_r
 *(.gnu.version_r)

.rel.init
 *(.rel.init)

.rela.init
 *(.rela.init)

.rel.text
 *(.rel.text)
 *(.rel.text.*)
 *(.rel.gnu.linkonce.t*)

.rela.text
 *(.rela.text)
 *(.rela.text.*)
 *(.rela.gnu.linkonce.t*)

.rel.fini
 *(.rel.fini)

.rela.fini
 *(.rela.fini)

.rel.rodata
 *(.rel.rodata)
 *(.rel.rodata.*)
 *(.rel.gnu.linkonce.r*)

.rela.rodata
 *(.rela.rodata)
 *(.rela.rodata.*)
 *(.rela.gnu.linkonce.r*)

.rel.data
 *(.rel.data)
 *(.rel.data.*)
 *(.rel.gnu.linkonce.d*)

.rela.data
 *(.rela.data)
 *(.rela.data.*)
 *(.rela.gnu.linkonce.d*)

.rel.ctors
 *(.rel.ctors)

.rela.ctors
 *(.rela.ctors)

.rel.dtors
 *(.rel.dtors)

.rela.dtors
 *(.rela.dtors)

.rel.got
 *(.rel.got)

.rela.got
 *(.rela.got)

.rel.bss
 *(.rel.bss)

.rela.bss
 *(.rela.bss)

.rel.plt
 *(.rel.plt)

.rela.plt
 *(.rela.plt)

.text           0x00000000     0x4ebe
 *(.vectors)
 .vectors       0x00000000       0x54 c:/winavr-20100110/bin/../lib/gcc/avr/4.3.3/../../../../avr/lib/avr5/crtm32.o
                0x00000000                __vectors
                0x00000000                __vector_default
 *(.vectors)
 *(.progmem.gcc*)
 *(.progmem*)
                0x00000054                . = ALIGN (0x2)
                0x00000054                __trampolines_start = .
 *(.trampolines)
 .trampolines   0x00000054        0x0 linker stubs
 *(.trampolines*)
                0x00000054                __trampolines_end = .
 *(.jumptables)
 *(.jumptables*)
 *(.lowtext)
 *(.lowtext*)
                0x00000054                __ctors_start = .
 *(.ctors)
                0x00000054                __ctors_end = .
                0x00000054                __dtors_start = .
 *(.dtors)
                0x00000054                __dtors_end = .
 SORT(*)(.ctors)
 SORT(*)(.dtors)
 *(.init0)
 .init0         0x00000054        0x0 c:/winavr-20100110/bin/../lib/gcc/avr/4.3.3/../../../../avr/lib/avr5/crtm32.o
                0x00000054                __init
 *(.init0)
 *(.init1)
 *(.init1)
 *(.init2)
 .init2         0x00000054        0xc c:/winavr-20100110/bin/../lib/gcc/avr/4.3.3/../../../../avr/lib/avr5/crtm32.o
 *(.init2)
 *(.init3)
 *(.init3)
 *(.init4)
 .init4         0x00000060       0x16 c:/winavr-20100110/bin/../lib/gcc/avr/4.3.3/avr5\libgcc.a(_copy_data.o)
                0x00000060                __do_copy_data
 .init4         0x00000076       0x10 c:/winavr-20100110/bin/../lib/gcc/avr/4.3.3/avr5\libgcc.a(_clear_bss.o)
                0x00000076                __do_clear_bss
 *(.init4)
 *(.init5)
 *(.init5)
 *(.init6)
 *(.init6)
 *(.init7)
 *(.init7)
 *(.init8)
 *(.init8)
 *(.init9)
 .init9         0x00000086        0x8 c:/winavr-20100110/bin/../lib/gcc/avr/4.3.3/../../../../avr/lib/avr5/crtm32.o
 *(.init9)
 *(.text)
 .text          0x0000008e        0x4 c:/winavr-20100110/bin/../lib/gcc/avr/4.3.3/../../../../avr/lib/avr5/crtm32.o
                0x0000008e                __vector_1
                0x0000008e                __vector_12
                0x0000008e                __bad_interrupt
                0x0000008e                __vector_6
                0x0000008e                __vector_3
                0x0000008e                __vector_13
                0x0000008e                __vector_17
                0x0000008e                __vector_19
                0x0000008e                __vector_7
                0x0000008e                __vector_5
                0x0000008e                __vector_4
                0x0000008e                __vector_9
                0x0000008e                __vector_2
                0x0000008e                __vector_15
                0x0000008e                __vector_8
                0x0000008e                __vector_14
                0x0000008e                __vector_16
                0x0000008e                __vector_18
                0x0000008e                __vector_20
 .text          0x00000092        0x0 ./MCAL/external_interrupt/program.o
 .text          0x00000092        0x0 ./MCAL/TWI/TWI.o
 .text          0x00000092        0x0 ./MCAL/TIMER_DRIVER/TIMER0_program.o
 .text          0x00000092        0x0 ./MCAL/EEPROM_DRIVER/24C16N_program.o
 .text          0x00000092        0x0 ./MCAL/DIO_driver/DIO_program.o
 .text          0x00000092        0x0 ./MCAL/ADC/program.o
 .text          0x00000092        0x0 ./HAL/stepp_motor/stepp-1.o
 .text          0x00000092        0x0 ./HAL/servo_motor/servo-1.o
 .text          0x00000092        0x0 ./HAL/TCS3200_ColorSensor/cs_program_.o
 .text          0x00000092        0x0 ./HAL/LCD_DRIVER/lcd.o
 .text          0x00000092        0x0 ./HAL/KEY_PAD_driver/Keypad.o
 .text          0x00000092        0x0 ./HAL/DC_motor/dc_motor-1.o
 .text          0x00000092        0x0 ./main_project.o
 .text          0x00000092        0x0 c:/winavr-20100110/bin/../lib/gcc/avr/4.3.3/avr5\libgcc.a(_mulsi3.o)
 .text          0x00000092        0x0 c:/winavr-20100110/bin/../lib/gcc/avr/4.3.3/avr5\libgcc.a(_udivmodhi4.o)
 .text          0x00000092        0x0 c:/winavr-20100110/bin/../lib/gcc/avr/4.3.3/avr5\libgcc.a(_udivmodsi4.o)
 .text          0x00000092        0x0 c:/winavr-20100110/bin/../lib/gcc/avr/4.3.3/avr5\libgcc.a(_exit.o)
 .text          0x00000092        0x0 c:/winavr-20100110/bin/../lib/gcc/avr/4.3.3/avr5\libgcc.a(_copy_data.o)
 .text          0x00000092        0x0 c:/winavr-20100110/bin/../lib/gcc/avr/4.3.3/avr5\libgcc.a(_clear_bss.o)
 .text          0x00000092       0x58 c:/winavr-20100110/bin/../lib/gcc/avr/4.3.3/avr5\libgcc.a(_fixunssfsi.o)
                0x00000092                __fixunssfsi
 .text          0x000000ea      0x354 c:/winavr-20100110/bin/../lib/gcc/avr/4.3.3/avr5\libgcc.a(_addsub_sf.o)
                0x00000382                __subsf3
                0x000003e4                __addsf3
 .text          0x0000043e      0x1f4 c:/winavr-20100110/bin/../lib/gcc/avr/4.3.3/avr5\libgcc.a(_mul_sf.o)
                0x0000043e                __mulsf3
 .text          0x00000632       0x60 c:/winavr-20100110/bin/../lib/gcc/avr/4.3.3/avr5\libgcc.a(_gt_sf.o)
                0x00000632                __gtsf2
 .text          0x00000692       0x60 c:/winavr-20100110/bin/../lib/gcc/avr/4.3.3/avr5\libgcc.a(_ge_sf.o)
                0x00000692                __gesf2
 .text          0x000006f2       0x60 c:/winavr-20100110/bin/../lib/gcc/avr/4.3.3/avr5\libgcc.a(_lt_sf.o)
                0x000006f2                __ltsf2
 .text          0x00000752       0xa8 c:/winavr-20100110/bin/../lib/gcc/avr/4.3.3/avr5\libgcc.a(_sf_to_si.o)
                0x00000752                __fixsfsi
 .text          0x000007fa        0x0 c:/winavr-20100110/bin/../lib/gcc/avr/4.3.3/avr5\libgcc.a(_thenan_sf.o)
 .text          0x000007fa       0xf2 c:/winavr-20100110/bin/../lib/gcc/avr/4.3.3/avr5\libgcc.a(_usi_to_sf.o)
                0x000007fa                __floatunsisf
 .text          0x000008ec        0x0 c:/winavr-20100110/bin/../lib/gcc/avr/4.3.3/avr5\libgcc.a(_prologue.o)
 .text          0x000008ec        0x0 c:/winavr-20100110/bin/../lib/gcc/avr/4.3.3/avr5\libgcc.a(_epilogue.o)
 .text          0x000008ec       0x9e c:/winavr-20100110/bin/../lib/gcc/avr/4.3.3/avr5\libgcc.a(_clzsi2.o)
                0x000008ec                __clzsi2
 .text          0x0000098a      0x1aa c:/winavr-20100110/bin/../lib/gcc/avr/4.3.3/avr5\libgcc.a(_pack_sf.o)
                0x0000098a                __pack_f
 .text          0x00000b34       0xf0 c:/winavr-20100110/bin/../lib/gcc/avr/4.3.3/avr5\libgcc.a(_unpack_sf.o)
                0x00000b34                __unpack_f
 .text          0x00000c24       0xb2 c:/winavr-20100110/bin/../lib/gcc/avr/4.3.3/avr5\libgcc.a(_fpcmp_parts_sf.o)
                0x00000c24                __fpcmp_parts_f
 .text          0x00000cd6        0x0 c:/winavr-20100110/bin/../lib/gcc/avr/4.3.3/avr5\libgcc.a(_clz.o)
 .text          0x00000cd6        0x0 c:/winavr-20100110/bin/../lib/gcc/avr/4.3.3/../../../../avr/lib/avr5\libc.a(itoa.o)
 .text          0x00000cd6        0x0 c:/winavr-20100110/bin/../lib/gcc/avr/4.3.3/../../../../avr/lib/avr5\libc.a(strrev.o)
                0x00000cd6                . = ALIGN (0x2)
 *(.text.*)
 .text.EXT_INT0_init
                0x00000cd6       0x58 ./MCAL/external_interrupt/program.o
                0x00000cd6                EXT_INT0_init
 .text.EXT_INT1_init
                0x00000d2e       0x58 ./MCAL/external_interrupt/program.o
                0x00000d2e                EXT_INT1_init
 .text.EXT_INT2_init
                0x00000d86       0x3c ./MCAL/external_interrupt/program.o
                0x00000d86                EXT_INT2_init
 .text.EXT_int0_set_cb
                0x00000dc2       0x2c ./MCAL/external_interrupt/program.o
                0x00000dc2                EXT_int0_set_cb
 .text.EXT_int1_set_cb
                0x00000dee       0x2c ./MCAL/external_interrupt/program.o
                0x00000dee                EXT_int1_set_cb
 .text.EXT_int2_set_cb
                0x00000e1a       0x2c ./MCAL/external_interrupt/program.o
                0x00000e1a                EXT_int2_set_cb
 .text.EXT_interrupt_GIE_state
                0x00000e46       0x20 ./MCAL/external_interrupt/program.o
                0x00000e46                EXT_interrupt_GIE_state
 .text.INT0_VECT
                0x00000e66       0x5a ./MCAL/external_interrupt/program.o
                0x00000e66                INT0_VECT
 .text.INT1_VECT
                0x00000ec0       0x5a ./MCAL/external_interrupt/program.o
                0x00000ec0                INT1_VECT
 .text.INT2_VECT
                0x00000f1a       0x5a ./MCAL/external_interrupt/program.o
                0x00000f1a                INT2_VECT
 .text.TWI_init
                0x00000f74       0xee ./MCAL/TWI/TWI.o
                0x00000f74                TWI_init
 .text.TWI_start
                0x00001062       0x42 ./MCAL/TWI/TWI.o
                0x00001062                TWI_start
 .text.TWI_stop
                0x000010a4       0x38 ./MCAL/TWI/TWI.o
                0x000010a4                TWI_stop
 .text.TWI_writeByte
                0x000010dc       0x42 ./MCAL/TWI/TWI.o
                0x000010dc                TWI_writeByte
 .text.TWI_readByteWithACK
                0x0000111e       0x48 ./MCAL/TWI/TWI.o
                0x0000111e                TWI_readByteWithACK
 .text.TWI_readByteWithNACK
                0x00001166       0x3a ./MCAL/TWI/TWI.o
                0x00001166                TWI_readByteWithNACK
 .text.TWI_getStatus
                0x000011a0       0x1e ./MCAL/TWI/TWI.o
                0x000011a0                TWI_getStatus
 .text.TIMER0_clockSelect
                0x000011be      0x17a ./MCAL/TIMER_DRIVER/TIMER0_program.o
 .text.TIMER0_EXT_COUNT_init
                0x00001338       0x3e ./MCAL/TIMER_DRIVER/TIMER0_program.o
                0x00001338                TIMER0_EXT_COUNT_init
 .text.TIMER0_OF_init
                0x00001376       0x5e ./MCAL/TIMER_DRIVER/TIMER0_program.o
                0x00001376                TIMER0_OF_init
 .text.TIMER0_CTC_init
                0x000013d4      0x12a ./MCAL/TIMER_DRIVER/TIMER0_program.o
                0x000013d4                TIMER0_CTC_init
 .text.TIMER0_FAST_PWM_init
                0x000014fe       0xec ./MCAL/TIMER_DRIVER/TIMER0_program.o
                0x000014fe                TIMER0_FAST_PWM_init
 .text.TIMER0_FAST_PWM_set_dutyCycle
                0x000015ea       0x22 ./MCAL/TIMER_DRIVER/TIMER0_program.o
                0x000015ea                TIMER0_FAST_PWM_set_dutyCycle
 .text.TIMER0_PhaseCorrect_PWM_init
                0x0000160c       0xec ./MCAL/TIMER_DRIVER/TIMER0_program.o
                0x0000160c                TIMER0_PhaseCorrect_PWM_init
 .text.TIMER0_PHASECORRECT_PWM_set_dutyCycle
                0x000016f8       0x1c ./MCAL/TIMER_DRIVER/TIMER0_program.o
                0x000016f8                TIMER0_PHASECORRECT_PWM_set_dutyCycle
 .text.TIMER0_OF_set_cb
                0x00001714       0x2c ./MCAL/TIMER_DRIVER/TIMER0_program.o
                0x00001714                TIMER0_OF_set_cb
 .text.TIMER0_CTC_set_cb
                0x00001740       0x2c ./MCAL/TIMER_DRIVER/TIMER0_program.o
                0x00001740                TIMER0_CTC_set_cb
 .text.TIMER0_FPWM_set_cb
                0x0000176c       0x2c ./MCAL/TIMER_DRIVER/TIMER0_program.o
                0x0000176c                TIMER0_FPWM_set_cb
 .text.TIMER0_PCPWM_set_cb
                0x00001798       0x2c ./MCAL/TIMER_DRIVER/TIMER0_program.o
                0x00001798                TIMER0_PCPWM_set_cb
 .text.__vector_10
                0x000017c4       0x92 ./MCAL/TIMER_DRIVER/TIMER0_program.o
                0x000017c4                __vector_10
 .text.__vector_11
                0x00001856       0x66 ./MCAL/TIMER_DRIVER/TIMER0_program.o
                0x00001856                __vector_11
 .text.EEPROM_writeByte
                0x000018bc      0x144 ./MCAL/EEPROM_DRIVER/24C16N_program.o
                0x000018bc                EEPROM_writeByte
 .text.EEPROM_readByte
                0x00001a00       0x7a ./MCAL/EEPROM_DRIVER/24C16N_program.o
                0x00001a00                EEPROM_readByte
 .text.EEPROM_WriteString
                0x00001a7a       0x5c ./MCAL/EEPROM_DRIVER/24C16N_program.o
                0x00001a7a                EEPROM_WriteString
 .text.EEPROM_ReadString
                0x00001ad6       0x6c ./MCAL/EEPROM_DRIVER/24C16N_program.o
                0x00001ad6                EEPROM_ReadString
 .text.DIO_vSetPortDir
                0x00001b42       0x88 ./MCAL/DIO_driver/DIO_program.o
                0x00001b42                DIO_vSetPortDir
 .text.DIO_voidSetPinDir
                0x00001bca      0x21c ./MCAL/DIO_driver/DIO_program.o
                0x00001bca                DIO_voidSetPinDir
 .text.DIO_voidSetPortValue
                0x00001de6       0x88 ./MCAL/DIO_driver/DIO_program.o
                0x00001de6                DIO_voidSetPortValue
 .text.DIO_voidSetPinValue
                0x00001e6e      0x21c ./MCAL/DIO_driver/DIO_program.o
                0x00001e6e                DIO_voidSetPinValue
 .text.DIO_voidTogglePin
                0x0000208a      0x124 ./MCAL/DIO_driver/DIO_program.o
                0x0000208a                DIO_voidTogglePin
 .text.DIO_readPin
                0x000021ae      0x126 ./MCAL/DIO_driver/DIO_program.o
                0x000021ae                DIO_readPin
 .text.DIO_readPort
                0x000022d4       0x98 ./MCAL/DIO_driver/DIO_program.o
                0x000022d4                DIO_readPort
 .text.ADC_INIT
                0x0000236c      0x224 ./MCAL/ADC/program.o
                0x0000236c                ADC_INIT
 .text.ADC_readChannel
                0x00002590       0x60 ./MCAL/ADC/program.o
                0x00002590                ADC_readChannel
 .text.SERVO_init
                0x000025f0       0x24 ./HAL/servo_motor/servo-1.o
                0x000025f0                SERVO_init
 .text.SERVO_setAngle
                0x00002614       0x66 ./HAL/servo_motor/servo-1.o
                0x00002614                SERVO_setAngle
 .text.CS_INIT  0x0000267a       0x20 ./HAL/TCS3200_ColorSensor/cs_program_.o
                0x0000267a                CS_INIT
 .text.FreqScaling
                0x0000269a       0xce ./HAL/TCS3200_ColorSensor/cs_program_.o
                0x0000269a                FreqScaling
 .text.ColorSelect
                0x00002768       0xce ./HAL/TCS3200_ColorSensor/cs_program_.o
                0x00002768                ColorSelect
 .text.ColorSensor_Timer2Callback
                0x00002836      0x384 ./HAL/TCS3200_ColorSensor/cs_program_.o
                0x00002836                ColorSensor_Timer2Callback
 .text.SensingObject
                0x00002bba      0x1c6 ./HAL/TCS3200_ColorSensor/cs_program_.o
                0x00002bba                SensingObject
 .text.LCD_sendCommand
                0x00002d80      0x2fa ./HAL/LCD_DRIVER/lcd.o
                0x00002d80                LCD_sendCommand
 .text.LCD_init
                0x0000307a      0x138 ./HAL/LCD_DRIVER/lcd.o
                0x0000307a                LCD_init
 .text.void_LCD_displatchar
                0x000031b2      0x2fa ./HAL/LCD_DRIVER/lcd.o
                0x000031b2                void_LCD_displatchar
 .text.LCD_moveCursor
                0x000034ac       0x54 ./HAL/LCD_DRIVER/lcd.o
                0x000034ac                LCD_moveCursor
 .text.LCD_displayString
                0x00003500       0x38 ./HAL/LCD_DRIVER/lcd.o
                0x00003500                LCD_displayString
 .text.LCD_clearScreen
                0x00003538      0x110 ./HAL/LCD_DRIVER/lcd.o
                0x00003538                LCD_clearScreen
 .text.KEYPAD_getPressedKey
                0x00003648       0xae ./HAL/KEY_PAD_driver/Keypad.o
                0x00003648                KEYPAD_getPressedKey
 .text.MOTOR_DRIVER_init
                0x000036f6       0x56 ./HAL/DC_motor/dc_motor-1.o
                0x000036f6                MOTOR_DRIVER_init
 .text.MOTOR_DRIVER_setSpeed
                0x0000374c       0xba ./HAL/DC_motor/dc_motor-1.o
                0x0000374c                MOTOR_DRIVER_setSpeed
 .text.main     0x00003806      0xaac ./main_project.o
                0x00003806                main
 .text.stop     0x000042b2       0x22 ./main_project.o
                0x000042b2                stop
 .text.pause    0x000042d4       0x1a ./main_project.o
                0x000042d4                pause
 .text.running  0x000042ee       0x1a ./main_project.o
                0x000042ee                running
 .text.displayMenu
                0x00004308      0x132 ./main_project.o
                0x00004308                displayMenu
 .text.putton_stop
                0x0000443a       0x24 ./main_project.o
                0x0000443a                putton_stop
 .text.setBin   0x0000445e       0x40 ./main_project.o
                0x0000445e                setBin
 .text.Moving   0x0000449e      0x8a2 ./main_project.o
                0x0000449e                Moving
 .text.libgcc   0x00004d40       0x3e c:/winavr-20100110/bin/../lib/gcc/avr/4.3.3/avr5\libgcc.a(_mulsi3.o)
                0x00004d40                __mulsi3
 .text.libgcc   0x00004d7e       0x28 c:/winavr-20100110/bin/../lib/gcc/avr/4.3.3/avr5\libgcc.a(_udivmodhi4.o)
                0x00004d7e                __udivmodhi4
 .text.libgcc   0x00004da6       0x44 c:/winavr-20100110/bin/../lib/gcc/avr/4.3.3/avr5\libgcc.a(_udivmodsi4.o)
                0x00004da6                __udivmodsi4
 .text.libgcc   0x00004dea        0x0 c:/winavr-20100110/bin/../lib/gcc/avr/4.3.3/avr5\libgcc.a(_exit.o)
 .text.libgcc   0x00004dea        0x0 c:/winavr-20100110/bin/../lib/gcc/avr/4.3.3/avr5\libgcc.a(_copy_data.o)
 .text.libgcc   0x00004dea        0x0 c:/winavr-20100110/bin/../lib/gcc/avr/4.3.3/avr5\libgcc.a(_clear_bss.o)
 .text.libgcc   0x00004dea       0x38 c:/winavr-20100110/bin/../lib/gcc/avr/4.3.3/avr5\libgcc.a(_prologue.o)
                0x00004dea                __prologue_saves__
 .text.libgcc   0x00004e22       0x36 c:/winavr-20100110/bin/../lib/gcc/avr/4.3.3/avr5\libgcc.a(_epilogue.o)
                0x00004e22                __epilogue_restores__
 .text.avr-libc
                0x00004e58       0x42 c:/winavr-20100110/bin/../lib/gcc/avr/4.3.3/../../../../avr/lib/avr5\libc.a(itoa.o)
                0x00004e58                itoa
 .text.avr-libc
                0x00004e9a       0x20 c:/winavr-20100110/bin/../lib/gcc/avr/4.3.3/../../../../avr/lib/avr5\libc.a(strrev.o)
                0x00004e9a                strrev
                0x00004eba                . = ALIGN (0x2)
 *(.fini9)
 .fini9         0x00004eba        0x0 c:/winavr-20100110/bin/../lib/gcc/avr/4.3.3/avr5\libgcc.a(_exit.o)
                0x00004eba                exit
                0x00004eba                _exit
 *(.fini9)
 *(.fini8)
 *(.fini8)
 *(.fini7)
 *(.fini7)
 *(.fini6)
 *(.fini6)
 *(.fini5)
 *(.fini5)
 *(.fini4)
 *(.fini4)
 *(.fini3)
 *(.fini3)
 *(.fini2)
 *(.fini2)
 *(.fini1)
 *(.fini1)
 *(.fini0)
 .fini0         0x00004eba        0x4 c:/winavr-20100110/bin/../lib/gcc/avr/4.3.3/avr5\libgcc.a(_exit.o)
 *(.fini0)
                0x00004ebe                _etext = .

.data           0x00800060      0x1e0 load address 0x00004ebe
                0x00800060                PROVIDE (__data_start, .)
 *(.data)
 .data          0x00800060        0x0 c:/winavr-20100110/bin/../lib/gcc/avr/4.3.3/../../../../avr/lib/avr5/crtm32.o
 .data          0x00800060        0x0 ./MCAL/external_interrupt/program.o
 .data          0x00800060        0x0 ./MCAL/TWI/TWI.o
 .data          0x00800060        0x0 ./MCAL/TIMER_DRIVER/TIMER0_program.o
 .data          0x00800060        0x0 ./MCAL/EEPROM_DRIVER/24C16N_program.o
 .data          0x00800060        0x0 ./MCAL/DIO_driver/DIO_program.o
 .data          0x00800060        0x0 ./MCAL/ADC/program.o
 .data          0x00800060        0x0 ./HAL/stepp_motor/stepp-1.o
 .data          0x00800060        0x0 ./HAL/servo_motor/servo-1.o
 .data          0x00800060        0x0 ./HAL/TCS3200_ColorSensor/cs_program_.o
 .data          0x00800060        0x0 ./HAL/LCD_DRIVER/lcd.o
 .data          0x00800060        0x0 ./HAL/KEY_PAD_driver/Keypad.o
 .data          0x00800060        0x0 ./HAL/DC_motor/dc_motor-1.o
 .data          0x00800060       0xc4 ./main_project.o
 .data          0x00800124        0x0 c:/winavr-20100110/bin/../lib/gcc/avr/4.3.3/avr5\libgcc.a(_mulsi3.o)
 .data          0x00800124        0x0 c:/winavr-20100110/bin/../lib/gcc/avr/4.3.3/avr5\libgcc.a(_udivmodhi4.o)
 .data          0x00800124        0x0 c:/winavr-20100110/bin/../lib/gcc/avr/4.3.3/avr5\libgcc.a(_udivmodsi4.o)
 .data          0x00800124        0x0 c:/winavr-20100110/bin/../lib/gcc/avr/4.3.3/avr5\libgcc.a(_exit.o)
 .data          0x00800124        0x0 c:/winavr-20100110/bin/../lib/gcc/avr/4.3.3/avr5\libgcc.a(_copy_data.o)
 .data          0x00800124        0x0 c:/winavr-20100110/bin/../lib/gcc/avr/4.3.3/avr5\libgcc.a(_clear_bss.o)
 .data          0x00800124        0x0 c:/winavr-20100110/bin/../lib/gcc/avr/4.3.3/avr5\libgcc.a(_fixunssfsi.o)
 .data          0x00800124        0x0 c:/winavr-20100110/bin/../lib/gcc/avr/4.3.3/avr5\libgcc.a(_addsub_sf.o)
 .data          0x00800124        0x0 c:/winavr-20100110/bin/../lib/gcc/avr/4.3.3/avr5\libgcc.a(_mul_sf.o)
 .data          0x00800124        0x0 c:/winavr-20100110/bin/../lib/gcc/avr/4.3.3/avr5\libgcc.a(_gt_sf.o)
 .data          0x00800124        0x0 c:/winavr-20100110/bin/../lib/gcc/avr/4.3.3/avr5\libgcc.a(_ge_sf.o)
 .data          0x00800124        0x0 c:/winavr-20100110/bin/../lib/gcc/avr/4.3.3/avr5\libgcc.a(_lt_sf.o)
 .data          0x00800124        0x0 c:/winavr-20100110/bin/../lib/gcc/avr/4.3.3/avr5\libgcc.a(_sf_to_si.o)
 .data          0x00800124        0x8 c:/winavr-20100110/bin/../lib/gcc/avr/4.3.3/avr5\libgcc.a(_thenan_sf.o)
                0x00800124                __thenan_sf
 .data          0x0080012c        0x0 c:/winavr-20100110/bin/../lib/gcc/avr/4.3.3/avr5\libgcc.a(_usi_to_sf.o)
 .data          0x0080012c        0x0 c:/winavr-20100110/bin/../lib/gcc/avr/4.3.3/avr5\libgcc.a(_prologue.o)
 .data          0x0080012c        0x0 c:/winavr-20100110/bin/../lib/gcc/avr/4.3.3/avr5\libgcc.a(_epilogue.o)
 .data          0x0080012c        0x0 c:/winavr-20100110/bin/../lib/gcc/avr/4.3.3/avr5\libgcc.a(_clzsi2.o)
 .data          0x0080012c        0x0 c:/winavr-20100110/bin/../lib/gcc/avr/4.3.3/avr5\libgcc.a(_pack_sf.o)
 .data          0x0080012c        0x0 c:/winavr-20100110/bin/../lib/gcc/avr/4.3.3/avr5\libgcc.a(_unpack_sf.o)
 .data          0x0080012c        0x0 c:/winavr-20100110/bin/../lib/gcc/avr/4.3.3/avr5\libgcc.a(_fpcmp_parts_sf.o)
 .data          0x0080012c      0x100 c:/winavr-20100110/bin/../lib/gcc/avr/4.3.3/avr5\libgcc.a(_clz.o)
                0x0080012c                __clz_tab
 .data          0x0080022c        0x0 c:/winavr-20100110/bin/../lib/gcc/avr/4.3.3/../../../../avr/lib/avr5\libc.a(itoa.o)
 .data          0x0080022c        0x0 c:/winavr-20100110/bin/../lib/gcc/avr/4.3.3/../../../../avr/lib/avr5\libc.a(strrev.o)
 *(.data*)
 .data.buttons  0x0080022c       0x10 ./HAL/KEY_PAD_driver/Keypad.o
 .data.motor1   0x0080023c        0x3 ./main_project.o
                0x0080023c                motor1
 *(.rodata)
 *(.rodata*)
 *(.gnu.linkonce.d*)
                0x00800240                . = ALIGN (0x2)
 *fill*         0x0080023f        0x1 00
                0x00800240                _edata = .
                0x00800240                PROVIDE (__data_end, .)

.bss            0x00800240       0x26
                0x00800240                PROVIDE (__bss_start, .)
 *(.bss)
 .bss           0x00800240        0x0 c:/winavr-20100110/bin/../lib/gcc/avr/4.3.3/../../../../avr/lib/avr5/crtm32.o
 .bss           0x00800240        0x0 ./MCAL/external_interrupt/program.o
 .bss           0x00800240        0x0 ./MCAL/TWI/TWI.o
 .bss           0x00800240        0x0 ./MCAL/TIMER_DRIVER/TIMER0_program.o
 .bss           0x00800240        0x0 ./MCAL/EEPROM_DRIVER/24C16N_program.o
 .bss           0x00800240        0x0 ./MCAL/DIO_driver/DIO_program.o
 .bss           0x00800240        0x0 ./MCAL/ADC/program.o
 .bss           0x00800240        0x0 ./HAL/stepp_motor/stepp-1.o
 .bss           0x00800240        0x0 ./HAL/servo_motor/servo-1.o
 .bss           0x00800240        0x0 ./HAL/TCS3200_ColorSensor/cs_program_.o
 .bss           0x00800240        0x0 ./HAL/LCD_DRIVER/lcd.o
 .bss           0x00800240        0x0 ./HAL/KEY_PAD_driver/Keypad.o
 .bss           0x00800240        0x0 ./HAL/DC_motor/dc_motor-1.o
 .bss           0x00800240        0x0 ./main_project.o
 .bss           0x00800240        0x0 c:/winavr-20100110/bin/../lib/gcc/avr/4.3.3/avr5\libgcc.a(_mulsi3.o)
 .bss           0x00800240        0x0 c:/winavr-20100110/bin/../lib/gcc/avr/4.3.3/avr5\libgcc.a(_udivmodhi4.o)
 .bss           0x00800240        0x0 c:/winavr-20100110/bin/../lib/gcc/avr/4.3.3/avr5\libgcc.a(_udivmodsi4.o)
 .bss           0x00800240        0x0 c:/winavr-20100110/bin/../lib/gcc/avr/4.3.3/avr5\libgcc.a(_exit.o)
 .bss           0x00800240        0x0 c:/winavr-20100110/bin/../lib/gcc/avr/4.3.3/avr5\libgcc.a(_copy_data.o)
 .bss           0x00800240        0x0 c:/winavr-20100110/bin/../lib/gcc/avr/4.3.3/avr5\libgcc.a(_clear_bss.o)
 .bss           0x00800240        0x0 c:/winavr-20100110/bin/../lib/gcc/avr/4.3.3/avr5\libgcc.a(_fixunssfsi.o)
 .bss           0x00800240        0x0 c:/winavr-20100110/bin/../lib/gcc/avr/4.3.3/avr5\libgcc.a(_addsub_sf.o)
 .bss           0x00800240        0x0 c:/winavr-20100110/bin/../lib/gcc/avr/4.3.3/avr5\libgcc.a(_mul_sf.o)
 .bss           0x00800240        0x0 c:/winavr-20100110/bin/../lib/gcc/avr/4.3.3/avr5\libgcc.a(_gt_sf.o)
 .bss           0x00800240        0x0 c:/winavr-20100110/bin/../lib/gcc/avr/4.3.3/avr5\libgcc.a(_ge_sf.o)
 .bss           0x00800240        0x0 c:/winavr-20100110/bin/../lib/gcc/avr/4.3.3/avr5\libgcc.a(_lt_sf.o)
 .bss           0x00800240        0x0 c:/winavr-20100110/bin/../lib/gcc/avr/4.3.3/avr5\libgcc.a(_sf_to_si.o)
 .bss           0x00800240        0x0 c:/winavr-20100110/bin/../lib/gcc/avr/4.3.3/avr5\libgcc.a(_thenan_sf.o)
 .bss           0x00800240        0x0 c:/winavr-20100110/bin/../lib/gcc/avr/4.3.3/avr5\libgcc.a(_usi_to_sf.o)
 .bss           0x00800240        0x0 c:/winavr-20100110/bin/../lib/gcc/avr/4.3.3/avr5\libgcc.a(_prologue.o)
 .bss           0x00800240        0x0 c:/winavr-20100110/bin/../lib/gcc/avr/4.3.3/avr5\libgcc.a(_epilogue.o)
 .bss           0x00800240        0x0 c:/winavr-20100110/bin/../lib/gcc/avr/4.3.3/avr5\libgcc.a(_clzsi2.o)
 .bss           0x00800240        0x0 c:/winavr-20100110/bin/../lib/gcc/avr/4.3.3/avr5\libgcc.a(_pack_sf.o)
 .bss           0x00800240        0x0 c:/winavr-20100110/bin/../lib/gcc/avr/4.3.3/avr5\libgcc.a(_unpack_sf.o)
 .bss           0x00800240        0x0 c:/winavr-20100110/bin/../lib/gcc/avr/4.3.3/avr5\libgcc.a(_fpcmp_parts_sf.o)
 .bss           0x00800240        0x0 c:/winavr-20100110/bin/../lib/gcc/avr/4.3.3/avr5\libgcc.a(_clz.o)
 .bss           0x00800240        0x0 c:/winavr-20100110/bin/../lib/gcc/avr/4.3.3/../../../../avr/lib/avr5\libc.a(itoa.o)
 .bss           0x00800240        0x0 c:/winavr-20100110/bin/../lib/gcc/avr/4.3.3/../../../../avr/lib/avr5\libc.a(strrev.o)
 *(.bss*)
 .bss.int0_cb   0x00800240        0x2 ./MCAL/external_interrupt/program.o
                0x00800240                int0_cb
 .bss.int1_cb   0x00800242        0x2 ./MCAL/external_interrupt/program.o
                0x00800242                int1_cb
 .bss.int2_cb   0x00800244        0x2 ./MCAL/external_interrupt/program.o
                0x00800244                int2_cb
 .bss.TIMER_OF_cb
                0x00800246        0x2 ./MCAL/TIMER_DRIVER/TIMER0_program.o
                0x00800246                TIMER_OF_cb
 .bss.TIMER_CTC_cb
                0x00800248        0x2 ./MCAL/TIMER_DRIVER/TIMER0_program.o
                0x00800248                TIMER_CTC_cb
 .bss.TIMER_FPWM_cb
                0x0080024a        0x2 ./MCAL/TIMER_DRIVER/TIMER0_program.o
                0x0080024a                TIMER_FPWM_cb
 .bss.TIMER_PCPWM_cb
                0x0080024c        0x2 ./MCAL/TIMER_DRIVER/TIMER0_program.o
                0x0080024c                TIMER_PCPWM_cb
 .bss.msCounter
                0x0080024e        0x1 ./HAL/TCS3200_ColorSensor/cs_program_.o
                0x0080024e                msCounter
 .bss.colorStage
                0x0080024f        0x1 ./HAL/TCS3200_ColorSensor/cs_program_.o
                0x0080024f                colorStage
 .bss.R         0x00800250        0x2 ./HAL/TCS3200_ColorSensor/cs_program_.o
                0x00800250                R
 .bss.G         0x00800252        0x2 ./HAL/TCS3200_ColorSensor/cs_program_.o
                0x00800252                G
 .bss.B         0x00800254        0x2 ./HAL/TCS3200_ColorSensor/cs_program_.o
                0x00800254                B
 .bss.newRGBReady
                0x00800256        0x1 ./HAL/TCS3200_ColorSensor/cs_program_.o
                0x00800256                newRGBReady
 .bss.TIME_SORT
                0x00800257        0x2 ./HAL/TCS3200_ColorSensor/cs_program_.o
                0x00800257                TIME_SORT
 .bss.redBin    0x00800259        0x1 ./main_project.o
                0x00800259                redBin
 .bss.greenBin  0x0080025a        0x1 ./main_project.o
                0x0080025a                greenBin
 .bss.blueBin   0x0080025b        0x1 ./main_project.o
                0x0080025b                blueBin
 .bss.counter_red
                0x0080025c        0x1 ./main_project.o
                0x0080025c                counter_red
 .bss.counter_green
                0x0080025d        0x1 ./main_project.o
                0x0080025d                counter_green
 .bss.counter_Blue
                0x0080025e        0x1 ./main_project.o
                0x0080025e                counter_Blue
 .bss.error     0x0080025f        0x1 ./main_project.o
                0x0080025f                error
 .bss.error_counting
                0x00800260        0x1 ./main_project.o
                0x00800260                error_counting
 .bss.error_color
                0x00800261        0x1 ./main_project.o
                0x00800261                error_color
 *(COMMON)
 COMMON         0x00800262        0x2 ./HAL/KEY_PAD_driver/Keypad.o
                0x00800262                col
                0x00800263                row
 COMMON         0x00800264        0x2 ./main_project.o
                0x00800264                TOTAL_TIME
                0x00800266                PROVIDE (__bss_end, .)
                0x00004ebe                __data_load_start = LOADADDR (.data)
                0x0000509e                __data_load_end = (__data_load_start + SIZEOF (.data))

.noinit         0x00800266        0x0
                0x00800266                PROVIDE (__noinit_start, .)
 *(.noinit*)
                0x00800266                PROVIDE (__noinit_end, .)
                0x00800266                _end = .
                0x00800266                PROVIDE (__heap_start, .)

.eeprom         0x00810000        0x0
 *(.eeprom*)
                0x00810000                __eeprom_end = .

.fuse
 *(.fuse)
 *(.lfuse)
 *(.hfuse)
 *(.efuse)

.lock
 *(.lock*)

.signature
 *(.signature*)

.stab           0x00000000     0x5b68
 *(.stab)
 .stab          0x00000000      0x7f8 ./MCAL/external_interrupt/program.o
 .stab          0x000007f8      0x498 ./MCAL/TWI/TWI.o
                                0x4a4 (size before relaxing)
 .stab          0x00000c90      0x9f0 ./MCAL/TIMER_DRIVER/TIMER0_program.o
                                0xbac (size before relaxing)
 .stab          0x00001680      0x564 ./MCAL/EEPROM_DRIVER/24C16N_program.o
                                0x6f0 (size before relaxing)
 .stab          0x00001be4      0x648 ./MCAL/DIO_driver/DIO_program.o
                                0x654 (size before relaxing)
 .stab          0x0000222c      0x3d8 ./MCAL/ADC/program.o
                                0x3e4 (size before relaxing)
 .stab          0x00002604       0xd8 ./HAL/stepp_motor/stepp-1.o
                                 0xe4 (size before relaxing)
 .stab          0x000026dc      0x39c ./HAL/servo_motor/servo-1.o
                                0x3a8 (size before relaxing)
 .stab          0x00002a78      0x978 ./HAL/TCS3200_ColorSensor/cs_program_.o
                                0xb34 (size before relaxing)
 .stab          0x000033f0      0xa14 ./HAL/LCD_DRIVER/lcd.o
                                0xbac (size before relaxing)
 .stab          0x00003e04      0x33c ./HAL/KEY_PAD_driver/Keypad.o
                                0x4d4 (size before relaxing)
 .stab          0x00004140      0x42c ./HAL/DC_motor/dc_motor-1.o
                                0x438 (size before relaxing)
 .stab          0x0000456c     0x15fc ./main_project.o
                               0x1a64 (size before relaxing)

.stabstr        0x00000000     0x3371
 *(.stabstr)
 .stabstr       0x00000000     0x3371 ./MCAL/external_interrupt/program.o

.stab.excl
 *(.stab.excl)

.stab.exclstr
 *(.stab.exclstr)

.stab.index
 *(.stab.index)

.stab.indexstr
 *(.stab.indexstr)

.comment
 *(.comment)

.debug
 *(.debug)

.line
 *(.line)

.debug_srcinfo
 *(.debug_srcinfo)

.debug_sfnames
 *(.debug_sfnames)

.debug_aranges  0x00000000      0x180
 *(.debug_aranges)
 .debug_aranges
                0x00000000       0x20 c:/winavr-20100110/bin/../lib/gcc/avr/4.3.3/avr5\libgcc.a(_fixunssfsi.o)
 .debug_aranges
                0x00000020       0x20 c:/winavr-20100110/bin/../lib/gcc/avr/4.3.3/avr5\libgcc.a(_addsub_sf.o)
 .debug_aranges
                0x00000040       0x20 c:/winavr-20100110/bin/../lib/gcc/avr/4.3.3/avr5\libgcc.a(_mul_sf.o)
 .debug_aranges
                0x00000060       0x20 c:/winavr-20100110/bin/../lib/gcc/avr/4.3.3/avr5\libgcc.a(_gt_sf.o)
 .debug_aranges
                0x00000080       0x20 c:/winavr-20100110/bin/../lib/gcc/avr/4.3.3/avr5\libgcc.a(_ge_sf.o)
 .debug_aranges
                0x000000a0       0x20 c:/winavr-20100110/bin/../lib/gcc/avr/4.3.3/avr5\libgcc.a(_lt_sf.o)
 .debug_aranges
                0x000000c0       0x20 c:/winavr-20100110/bin/../lib/gcc/avr/4.3.3/avr5\libgcc.a(_sf_to_si.o)
 .debug_aranges
                0x000000e0       0x20 c:/winavr-20100110/bin/../lib/gcc/avr/4.3.3/avr5\libgcc.a(_usi_to_sf.o)
 .debug_aranges
                0x00000100       0x20 c:/winavr-20100110/bin/../lib/gcc/avr/4.3.3/avr5\libgcc.a(_clzsi2.o)
 .debug_aranges
                0x00000120       0x20 c:/winavr-20100110/bin/../lib/gcc/avr/4.3.3/avr5\libgcc.a(_pack_sf.o)
 .debug_aranges
                0x00000140       0x20 c:/winavr-20100110/bin/../lib/gcc/avr/4.3.3/avr5\libgcc.a(_unpack_sf.o)
 .debug_aranges
                0x00000160       0x20 c:/winavr-20100110/bin/../lib/gcc/avr/4.3.3/avr5\libgcc.a(_fpcmp_parts_sf.o)

.debug_pubnames
                0x00000000      0x1d3
 *(.debug_pubnames)
 .debug_pubnames
                0x00000000       0x23 c:/winavr-20100110/bin/../lib/gcc/avr/4.3.3/avr5\libgcc.a(_fixunssfsi.o)
 .debug_pubnames
                0x00000023       0x2c c:/winavr-20100110/bin/../lib/gcc/avr/4.3.3/avr5\libgcc.a(_addsub_sf.o)
 .debug_pubnames
                0x0000004f       0x1f c:/winavr-20100110/bin/../lib/gcc/avr/4.3.3/avr5\libgcc.a(_mul_sf.o)
 .debug_pubnames
                0x0000006e       0x1e c:/winavr-20100110/bin/../lib/gcc/avr/4.3.3/avr5\libgcc.a(_gt_sf.o)
 .debug_pubnames
                0x0000008c       0x1e c:/winavr-20100110/bin/../lib/gcc/avr/4.3.3/avr5\libgcc.a(_ge_sf.o)
 .debug_pubnames
                0x000000aa       0x1e c:/winavr-20100110/bin/../lib/gcc/avr/4.3.3/avr5\libgcc.a(_lt_sf.o)
 .debug_pubnames
                0x000000c8       0x20 c:/winavr-20100110/bin/../lib/gcc/avr/4.3.3/avr5\libgcc.a(_sf_to_si.o)
 .debug_pubnames
                0x000000e8       0x22 c:/winavr-20100110/bin/../lib/gcc/avr/4.3.3/avr5\libgcc.a(_thenan_sf.o)
 .debug_pubnames
                0x0000010a       0x24 c:/winavr-20100110/bin/../lib/gcc/avr/4.3.3/avr5\libgcc.a(_usi_to_sf.o)
 .debug_pubnames
                0x0000012e       0x1f c:/winavr-20100110/bin/../lib/gcc/avr/4.3.3/avr5\libgcc.a(_clzsi2.o)
 .debug_pubnames
                0x0000014d       0x1f c:/winavr-20100110/bin/../lib/gcc/avr/4.3.3/avr5\libgcc.a(_pack_sf.o)
 .debug_pubnames
                0x0000016c       0x21 c:/winavr-20100110/bin/../lib/gcc/avr/4.3.3/avr5\libgcc.a(_unpack_sf.o)
 .debug_pubnames
                0x0000018d       0x26 c:/winavr-20100110/bin/../lib/gcc/avr/4.3.3/avr5\libgcc.a(_fpcmp_parts_sf.o)
 .debug_pubnames
                0x000001b3       0x20 c:/winavr-20100110/bin/../lib/gcc/avr/4.3.3/avr5\libgcc.a(_clz.o)

.debug_info     0x00000000     0x200f
 *(.debug_info)
 .debug_info    0x00000000       0xb1 c:/winavr-20100110/bin/../lib/gcc/avr/4.3.3/avr5\libgcc.a(_fixunssfsi.o)
 .debug_info    0x000000b1      0x47a c:/winavr-20100110/bin/../lib/gcc/avr/4.3.3/avr5\libgcc.a(_addsub_sf.o)
 .debug_info    0x0000052b      0x485 c:/winavr-20100110/bin/../lib/gcc/avr/4.3.3/avr5\libgcc.a(_mul_sf.o)
 .debug_info    0x000009b0      0x27f c:/winavr-20100110/bin/../lib/gcc/avr/4.3.3/avr5\libgcc.a(_gt_sf.o)
 .debug_info    0x00000c2f      0x27f c:/winavr-20100110/bin/../lib/gcc/avr/4.3.3/avr5\libgcc.a(_ge_sf.o)
 .debug_info    0x00000eae      0x27f c:/winavr-20100110/bin/../lib/gcc/avr/4.3.3/avr5\libgcc.a(_lt_sf.o)
 .debug_info    0x0000112d      0x2b0 c:/winavr-20100110/bin/../lib/gcc/avr/4.3.3/avr5\libgcc.a(_sf_to_si.o)
 .debug_info    0x000013dd      0x12c c:/winavr-20100110/bin/../lib/gcc/avr/4.3.3/avr5\libgcc.a(_thenan_sf.o)
 .debug_info    0x00001509      0x206 c:/winavr-20100110/bin/../lib/gcc/avr/4.3.3/avr5\libgcc.a(_usi_to_sf.o)
 .debug_info    0x0000170f      0x117 c:/winavr-20100110/bin/../lib/gcc/avr/4.3.3/avr5\libgcc.a(_clzsi2.o)
 .debug_info    0x00001826      0x2df c:/winavr-20100110/bin/../lib/gcc/avr/4.3.3/avr5\libgcc.a(_pack_sf.o)
 .debug_info    0x00001b05      0x251 c:/winavr-20100110/bin/../lib/gcc/avr/4.3.3/avr5\libgcc.a(_unpack_sf.o)
 .debug_info    0x00001d56      0x210 c:/winavr-20100110/bin/../lib/gcc/avr/4.3.3/avr5\libgcc.a(_fpcmp_parts_sf.o)
 .debug_info    0x00001f66       0xa9 c:/winavr-20100110/bin/../lib/gcc/avr/4.3.3/avr5\libgcc.a(_clz.o)
 *(.gnu.linkonce.wi.*)

.debug_abbrev   0x00000000     0x1170
 *(.debug_abbrev)
 .debug_abbrev  0x00000000       0x5d c:/winavr-20100110/bin/../lib/gcc/avr/4.3.3/avr5\libgcc.a(_fixunssfsi.o)
 .debug_abbrev  0x0000005d      0x1ea c:/winavr-20100110/bin/../lib/gcc/avr/4.3.3/avr5\libgcc.a(_addsub_sf.o)
 .debug_abbrev  0x00000247      0x21b c:/winavr-20100110/bin/../lib/gcc/avr/4.3.3/avr5\libgcc.a(_mul_sf.o)
 .debug_abbrev  0x00000462      0x15a c:/winavr-20100110/bin/../lib/gcc/avr/4.3.3/avr5\libgcc.a(_gt_sf.o)
 .debug_abbrev  0x000005bc      0x15a c:/winavr-20100110/bin/../lib/gcc/avr/4.3.3/avr5\libgcc.a(_ge_sf.o)
 .debug_abbrev  0x00000716      0x15a c:/winavr-20100110/bin/../lib/gcc/avr/4.3.3/avr5\libgcc.a(_lt_sf.o)
 .debug_abbrev  0x00000870      0x17f c:/winavr-20100110/bin/../lib/gcc/avr/4.3.3/avr5\libgcc.a(_sf_to_si.o)
 .debug_abbrev  0x000009ef       0xad c:/winavr-20100110/bin/../lib/gcc/avr/4.3.3/avr5\libgcc.a(_thenan_sf.o)
 .debug_abbrev  0x00000a9c      0x157 c:/winavr-20100110/bin/../lib/gcc/avr/4.3.3/avr5\libgcc.a(_usi_to_sf.o)
 .debug_abbrev  0x00000bf3       0xc4 c:/winavr-20100110/bin/../lib/gcc/avr/4.3.3/avr5\libgcc.a(_clzsi2.o)
 .debug_abbrev  0x00000cb7      0x1c0 c:/winavr-20100110/bin/../lib/gcc/avr/4.3.3/avr5\libgcc.a(_pack_sf.o)
 .debug_abbrev  0x00000e77      0x154 c:/winavr-20100110/bin/../lib/gcc/avr/4.3.3/avr5\libgcc.a(_unpack_sf.o)
 .debug_abbrev  0x00000fcb      0x13b c:/winavr-20100110/bin/../lib/gcc/avr/4.3.3/avr5\libgcc.a(_fpcmp_parts_sf.o)
 .debug_abbrev  0x00001106       0x6a c:/winavr-20100110/bin/../lib/gcc/avr/4.3.3/avr5\libgcc.a(_clz.o)

.debug_line     0x00000000     0x1001
 *(.debug_line)
 .debug_line    0x00000000       0xa7 c:/winavr-20100110/bin/../lib/gcc/avr/4.3.3/avr5\libgcc.a(_fixunssfsi.o)
 .debug_line    0x000000a7      0x2af c:/winavr-20100110/bin/../lib/gcc/avr/4.3.3/avr5\libgcc.a(_addsub_sf.o)
 .debug_line    0x00000356      0x239 c:/winavr-20100110/bin/../lib/gcc/avr/4.3.3/avr5\libgcc.a(_mul_sf.o)
 .debug_line    0x0000058f       0xd3 c:/winavr-20100110/bin/../lib/gcc/avr/4.3.3/avr5\libgcc.a(_gt_sf.o)
 .debug_line    0x00000662       0xd3 c:/winavr-20100110/bin/../lib/gcc/avr/4.3.3/avr5\libgcc.a(_ge_sf.o)
 .debug_line    0x00000735       0xd3 c:/winavr-20100110/bin/../lib/gcc/avr/4.3.3/avr5\libgcc.a(_lt_sf.o)
 .debug_line    0x00000808      0x109 c:/winavr-20100110/bin/../lib/gcc/avr/4.3.3/avr5\libgcc.a(_sf_to_si.o)
 .debug_line    0x00000911       0x90 c:/winavr-20100110/bin/../lib/gcc/avr/4.3.3/avr5\libgcc.a(_thenan_sf.o)
 .debug_line    0x000009a1      0x133 c:/winavr-20100110/bin/../lib/gcc/avr/4.3.3/avr5\libgcc.a(_usi_to_sf.o)
 .debug_line    0x00000ad4       0xa5 c:/winavr-20100110/bin/../lib/gcc/avr/4.3.3/avr5\libgcc.a(_clzsi2.o)
 .debug_line    0x00000b79      0x18a c:/winavr-20100110/bin/../lib/gcc/avr/4.3.3/avr5\libgcc.a(_pack_sf.o)
 .debug_line    0x00000d03      0x14b c:/winavr-20100110/bin/../lib/gcc/avr/4.3.3/avr5\libgcc.a(_unpack_sf.o)
 .debug_line    0x00000e4e      0x137 c:/winavr-20100110/bin/../lib/gcc/avr/4.3.3/avr5\libgcc.a(_fpcmp_parts_sf.o)
 .debug_line    0x00000f85       0x7c c:/winavr-20100110/bin/../lib/gcc/avr/4.3.3/avr5\libgcc.a(_clz.o)

.debug_frame    0x00000000      0x1a0
 *(.debug_frame)
 .debug_frame   0x00000000       0x20 c:/winavr-20100110/bin/../lib/gcc/avr/4.3.3/avr5\libgcc.a(_fixunssfsi.o)
 .debug_frame   0x00000020       0x40 c:/winavr-20100110/bin/../lib/gcc/avr/4.3.3/avr5\libgcc.a(_addsub_sf.o)
 .debug_frame   0x00000060       0x20 c:/winavr-20100110/bin/../lib/gcc/avr/4.3.3/avr5\libgcc.a(_mul_sf.o)
 .debug_frame   0x00000080       0x20 c:/winavr-20100110/bin/../lib/gcc/avr/4.3.3/avr5\libgcc.a(_gt_sf.o)
 .debug_frame   0x000000a0       0x20 c:/winavr-20100110/bin/../lib/gcc/avr/4.3.3/avr5\libgcc.a(_ge_sf.o)
 .debug_frame   0x000000c0       0x20 c:/winavr-20100110/bin/../lib/gcc/avr/4.3.3/avr5\libgcc.a(_lt_sf.o)
 .debug_frame   0x000000e0       0x20 c:/winavr-20100110/bin/../lib/gcc/avr/4.3.3/avr5\libgcc.a(_sf_to_si.o)
 .debug_frame   0x00000100       0x20 c:/winavr-20100110/bin/../lib/gcc/avr/4.3.3/avr5\libgcc.a(_usi_to_sf.o)
 .debug_frame   0x00000120       0x20 c:/winavr-20100110/bin/../lib/gcc/avr/4.3.3/avr5\libgcc.a(_clzsi2.o)
 .debug_frame   0x00000140       0x20 c:/winavr-20100110/bin/../lib/gcc/avr/4.3.3/avr5\libgcc.a(_pack_sf.o)
 .debug_frame   0x00000160       0x20 c:/winavr-20100110/bin/../lib/gcc/avr/4.3.3/avr5\libgcc.a(_unpack_sf.o)
 .debug_frame   0x00000180       0x20 c:/winavr-20100110/bin/../lib/gcc/avr/4.3.3/avr5\libgcc.a(_fpcmp_parts_sf.o)

.debug_str      0x00000000      0x2c1
 *(.debug_str)
 .debug_str     0x00000000       0xbf c:/winavr-20100110/bin/../lib/gcc/avr/4.3.3/avr5\libgcc.a(_fixunssfsi.o)
                                 0xfe (size before relaxing)
 .debug_str     0x000000bf      0x14d c:/winavr-20100110/bin/../lib/gcc/avr/4.3.3/avr5\libgcc.a(_addsub_sf.o)
                                0x206 (size before relaxing)
 .debug_str     0x0000020c       0x27 c:/winavr-20100110/bin/../lib/gcc/avr/4.3.3/avr5\libgcc.a(_mul_sf.o)
                                0x1bf (size before relaxing)
 .debug_str     0x00000233        0x8 c:/winavr-20100110/bin/../lib/gcc/avr/4.3.3/avr5\libgcc.a(_gt_sf.o)
                                0x195 (size before relaxing)
 .debug_str     0x0000023b        0x8 c:/winavr-20100110/bin/../lib/gcc/avr/4.3.3/avr5\libgcc.a(_ge_sf.o)
                                0x195 (size before relaxing)
 .debug_str     0x00000243        0x8 c:/winavr-20100110/bin/../lib/gcc/avr/4.3.3/avr5\libgcc.a(_lt_sf.o)
                                0x195 (size before relaxing)
 .debug_str     0x0000024b        0xa c:/winavr-20100110/bin/../lib/gcc/avr/4.3.3/avr5\libgcc.a(_sf_to_si.o)
                                0x19e (size before relaxing)
 .debug_str     0x00000000      0x103 c:/winavr-20100110/bin/../lib/gcc/avr/4.3.3/avr5\libgcc.a(_thenan_sf.o)
 .debug_str     0x00000255       0x21 c:/winavr-20100110/bin/../lib/gcc/avr/4.3.3/avr5\libgcc.a(_usi_to_sf.o)
                                0x177 (size before relaxing)
 .debug_str     0x00000276       0x20 c:/winavr-20100110/bin/../lib/gcc/avr/4.3.3/avr5\libgcc.a(_clzsi2.o)
                                0x111 (size before relaxing)
 .debug_str     0x00000296       0x10 c:/winavr-20100110/bin/../lib/gcc/avr/4.3.3/avr5\libgcc.a(_pack_sf.o)
                                0x19d (size before relaxing)
 .debug_str     0x000002a6        0xb c:/winavr-20100110/bin/../lib/gcc/avr/4.3.3/avr5\libgcc.a(_unpack_sf.o)
                                0x17f (size before relaxing)
 .debug_str     0x000002b1       0x10 c:/winavr-20100110/bin/../lib/gcc/avr/4.3.3/avr5\libgcc.a(_fpcmp_parts_sf.o)
                                0x163 (size before relaxing)
 .debug_str     0x00000000       0xf4 c:/winavr-20100110/bin/../lib/gcc/avr/4.3.3/avr5\libgcc.a(_clz.o)

.debug_loc      0x00000000      0x8ae
 *(.debug_loc)
 .debug_loc     0x00000000       0x34 c:/winavr-20100110/bin/../lib/gcc/avr/4.3.3/avr5\libgcc.a(_fixunssfsi.o)
 .debug_loc     0x00000034      0x32a c:/winavr-20100110/bin/../lib/gcc/avr/4.3.3/avr5\libgcc.a(_addsub_sf.o)
 .debug_loc     0x0000035e      0x104 c:/winavr-20100110/bin/../lib/gcc/avr/4.3.3/avr5\libgcc.a(_mul_sf.o)
 .debug_loc     0x00000462       0x3c c:/winavr-20100110/bin/../lib/gcc/avr/4.3.3/avr5\libgcc.a(_gt_sf.o)
 .debug_loc     0x0000049e       0x3c c:/winavr-20100110/bin/../lib/gcc/avr/4.3.3/avr5\libgcc.a(_ge_sf.o)
 .debug_loc     0x000004da       0x3c c:/winavr-20100110/bin/../lib/gcc/avr/4.3.3/avr5\libgcc.a(_lt_sf.o)
 .debug_loc     0x00000516       0x7e c:/winavr-20100110/bin/../lib/gcc/avr/4.3.3/avr5\libgcc.a(_sf_to_si.o)
 .debug_loc     0x00000594       0x4c c:/winavr-20100110/bin/../lib/gcc/avr/4.3.3/avr5\libgcc.a(_usi_to_sf.o)
 .debug_loc     0x000005e0       0x94 c:/winavr-20100110/bin/../lib/gcc/avr/4.3.3/avr5\libgcc.a(_clzsi2.o)
 .debug_loc     0x00000674      0x13e c:/winavr-20100110/bin/../lib/gcc/avr/4.3.3/avr5\libgcc.a(_pack_sf.o)
 .debug_loc     0x000007b2       0xac c:/winavr-20100110/bin/../lib/gcc/avr/4.3.3/avr5\libgcc.a(_unpack_sf.o)
 .debug_loc     0x0000085e       0x50 c:/winavr-20100110/bin/../lib/gcc/avr/4.3.3/avr5\libgcc.a(_fpcmp_parts_sf.o)

.debug_macinfo
 *(.debug_macinfo)
OUTPUT(ITI_1M_GRAD_PROJECT_.elf elf32-avr)
LOAD linker stubs

.debug_ranges   0x00000000       0x50
 .debug_ranges  0x00000000       0x50 c:/winavr-20100110/bin/../lib/gcc/avr/4.3.3/avr5\libgcc.a(_mul_sf.o)
